2026-05-06 00:12:48 [INFO]: LOGIN by 6303051613173 - Details: {"username":"6303051613173"}
2026-05-06 00:12:49 [INFO]: ENTER_CHAT by 6303051613173 - Details: {"username":"6303051613173"}
2026-05-06 00:12:57 [INFO]: DELETE_EVENT by 6303051613173 - Details: {"eventId":"714b7966-e519-49f3-bdae-f69742de8b4b","eventTitle":"วันสอบ"}
2026-05-06 00:14:30 [INFO]: ENTER_CHAT by 6303051613173 - Details: {"username":"6303051613173"}
2026-05-06 00:15:06 [INFO]: LOGIN by 66666 - Details: {"username":"66666"}
2026-05-06 00:15:06 [INFO]: ENTER_CHAT by 66666 - Details: {"username":"66666"}
2026-05-06 00:15:48 [INFO]: PAPER_UPLOAD by 66666 - Details: {"username":"66666"}
2026-05-06 00:28:35 [INFO]: LOGIN by 66666 - Details: {"username":"66666"}
2026-05-06 00:28:35 [INFO]: ENTER_CHAT by 66666 - Details: {"username":"66666"}
2026-05-06 00:28:58 [INFO]: PAPER_UPLOAD by 66666 - Details: {"username":"66666"}
2026-05-06 00:29:44 [INFO]: LOGIN by 6303051613017 - Details: {"username":"6303051613017"}
2026-05-06 00:32:19 [INFO]: LOGIN by 6303051613017 - Details: {"username":"6303051613017"}
2026-05-06 00:32:44 [INFO]: ADD_EVENT by 6303051613017 - Details: {"username":"6303051613017","eventTitle":"วันสอบ"}
2026-05-06 00:33:56 [INFO]: DELETE_EVENT by 6303051613017 - Details: {"eventId":"3b9d60c9-542f-4f8b-8c90-0a091cc48f24","eventTitle":"วันสอบ"}
2026-05-06 00:34:18 [INFO]: LOGIN by 66666 - Details: {"username":"66666"}
2026-05-06 00:34:18 [INFO]: ENTER_CHAT by 66666 - Details: {"username":"66666"}
2026-05-06 00:46:22 [INFO]: LOGIN by 6303051613017 - Details: {"username":"6303051613017"}
2026-05-06 00:46:40 [INFO]: ADD_EVENT by 6303051613017 - Details: {"username":"6303051613017","eventTitle":"วันสอบ"}
2026-05-06 00:56:45 [INFO]: LOGIN by 6303051613017 - Details: {"username":"6303051613017"}
2026-05-06 00:56:51 [INFO]: DELETE_EVENT by 6303051613017 - Details: {"eventId":"0f70d543-6466-4fa5-bb02-6113ccd424bc","eventTitle":"วันสอบ"}
2026-05-06 00:57:02 [INFO]: ADD_EVENT by 6303051613017 - Details: {"username":"6303051613017","eventTitle":"วันสอบ"}
2026-05-06 01:05:08 [INFO]: LOGIN by 6303051613017 - Details: {"username":"6303051613017"}
2026-05-06 01:09:45 [INFO]: LOGIN by 6303051613017 - Details: {"username":"6303051613017"}
2026-05-06 01:17:05 [INFO]: LOGIN by 6303051613017 - Details: {"username":"6303051613017"}
2026-05-06 01:17:10 [INFO]: DELETE_EVENT by 6303051613017 - Details: {"eventId":"0729d3af-1983-4135-bed3-0535b5edc144","eventTitle":"วันสอบ"}
2026-05-06 01:18:22 [INFO]: LOGIN by 6303051611112 - Details: {"username":"6303051611112"}
2026-05-06 01:18:22 [INFO]: ENTER_CHAT by 6303051611112 - Details: {"username":"6303051611112"}
2026-05-06 01:18:50 [INFO]: LOGIN by 6303051611113 - Details: {"username":"6303051611113"}
2026-05-06 01:18:50 [INFO]: ENTER_CHAT by 6303051611113 - Details: {"username":"6303051611113"}
2026-05-06 01:19:00 [INFO]: UPDATE_GROUP by 6303051611113 - Details: {"groupName":"ลอง2","updateBy":"6303051611113"}
2026-05-06 01:19:01 [INFO]: ENTER_CHAT by 6303051611113 - Details: {"username":"6303051611113"}
2026-05-06 01:19:16 [INFO]: LOGIN by 6303051613017 - Details: {"username":"6303051613017"}
2026-05-06 01:19:18 [INFO]: ACCEPT_INVITATION by 6303051613017 - Details: {"username":"6303051613017","type":"accept"}
2026-05-06 01:19:29 [INFO]: ENTER_CHAT by 6303051613017 - Details: {"username":"6303051613017"}
2026-05-06 01:19:55 [INFO]: LOGIN by 6303051611113 - Details: {"username":"6303051611113"}
2026-05-06 01:19:55 [INFO]: ENTER_CHAT by 6303051611113 - Details: {"username":"6303051611113"}
2026-05-06 01:19:57 [INFO]: LEAVE_GROUP by 6303051611113 - Details: {"groupName":"ลอง2","leaveBy":"6303051611113"}
2026-05-06 01:20:51 [INFO]: CREATE_GROUP by 6303051611113 - Details: {"groupName":"เว็บประมูลสินค้า","createBy":"6303051611113"}
2026-05-06 01:20:51 [INFO]: ENTER_CHAT by 6303051611113 - Details: {"username":"6303051611113"}
2026-05-06 01:21:11 [INFO]: LOGIN by 6303051613017 - Details: {"username":"6303051613017"}
2026-05-06 01:21:14 [INFO]: ACCEPT_INVITATION by 6303051613017 - Details: {"username":"6303051613017","type":"accept"}
2026-05-06 01:21:18 [INFO]: ENTER_CHAT by 6303051613017 - Details: {"username":"6303051613017"}
2026-05-06 01:21:37 [INFO]: LOGIN by 6303051611113 - Details: {"username":"6303051611113"}
2026-05-06 01:21:37 [INFO]: ENTER_CHAT by 6303051611113 - Details: {"username":"6303051611113"}
2026-05-06 01:21:51 [INFO]: PAPER_UPLOAD by 6303051611113 - Details: {"username":"6303051611113"}
2026-05-06 01:22:07 [INFO]: LOGIN by 6303051613017 - Details: {"username":"6303051613017"}
2026-05-06 02:07:08 [INFO]: LOGIN by 6303051613017 - Details: {"username":"6303051613017"}
2026-05-06 02:07:11 [INFO]: ENTER_CHAT by 6303051613017 - Details: {"username":"6303051613017"}
2026-05-06 04:00:49 [INFO]: ADD_EVENT by 6303051613017 - Details: {"username":"6303051613017","eventTitle":"วันสอบ"}
2026-05-06 04:00:56 [INFO]: DELETE_EVENT by 6303051613017 - Details: {"eventId":"aec675d6-04f4-48e7-8791-249a103bfb5e","eventTitle":"วันสอบ"}
2026-05-06 09:43:30 [INFO]: LOGIN by DCK - Details: {"username":"DCK"}
2026-05-06 09:46:14 [INFO]: LOGIN by DCK - Details: {"username":"DCK"}
2026-05-06 09:46:37 [INFO]: TRANSFER_ADMIN by DCK - Details: {"from":"DCK"}
2026-05-06 09:46:39 [INFO]: ENTER_CHAT by DCK - Details: {"username":"DCK"}
2026-05-06 09:51:02 [INFO]: ENTER_CHAT by DCK - Details: {"username":"DCK"}
2026-05-06 09:51:03 [INFO]: ENTER_CHAT by DCK - Details: {"username":"DCK"}
2026-05-06 09:51:26 [INFO]: LOGIN by DCK - Details: {"username":"DCK"}
2026-05-06 09:51:26 [INFO]: ENTER_CHAT by DCK - Details: {"username":"DCK"}
2026-05-06 09:51:53 [INFO]: LOGIN by 6303051613017 - Details: {"username":"6303051613017"}
2026-05-06 09:52:22 [INFO]: ADD_EVENT by 6303051613017 - Details: {"username":"6303051613017","eventTitle":"วันสอบ"}
2026-05-06 09:53:03 [INFO]: LOGIN by 6303051613017 - Details: {"username":"6303051613017"}
2026-05-06 09:54:13 [INFO]: LOGIN by 6303051613017 - Details: {"username":"6303051613017"}
2026-05-06 09:59:50 [INFO]: LOGIN by 6303051613017 - Details: {"username":"6303051613017"}
2026-05-06 10:08:11 [INFO]: LOGIN by 6303051613017 - Details: {"username":"6303051613017"}
2026-05-06 10:16:52 [INFO]: LOGIN by 6303051613017 - Details: {"username":"6303051613017"}
2026-05-06 10:23:39 [INFO]: LOGIN by 6303051613017 - Details: {"username":"6303051613017"}
2026-05-06 10:24:05 [INFO]: DELETE_EVENT by 6303051613017 - Details: {"eventId":"186f835e-93d8-4fd2-a3ee-aae72752a166","eventTitle":"วันสอบ"}
2026-05-06 10:24:33 [INFO]: ADD_EVENT by 6303051613017 - Details: {"username":"6303051613017","eventTitle":"วันสอบ"}
2026-05-06 10:28:50 [INFO]: LOGIN by 6303051613017 - Details: {"username":"6303051613017"}
2026-05-06 10:29:51 [INFO]: LOGIN by 6303051613017 - Details: {"username":"6303051613017"}
2026-05-06 10:29:55 [INFO]: DELETE_EVENT by 6303051613017 - Details: {"eventId":"3e6a3d5a-3efb-40a8-9cc3-8a429a558c77","eventTitle":"วันสอบ"}
2026-05-06 10:30:18 [INFO]: ADD_EVENT by 6303051613017 - Details: {"username":"6303051613017","eventTitle":"วันสอบ"}
2026-05-06 10:31:12 [INFO]: ENTER_CHAT by 6303051613017 - Details: {"username":"6303051613017"}
