2026-05-09 13:16:22 [INFO]: LOGIN by 6303051613017 - Details: {"username":"6303051613017"}
2026-05-09 14:11:44 [INFO]: LOGIN by 6303050000000 - Details: {"username":"6303050000000"}
2026-05-09 14:11:44 [INFO]: ENTER_CHAT by 6303050000000 - Details: {"username":"6303050000000"}
2026-05-09 14:11:57 [INFO]: LOGIN by 777 - Details: {"username":"777"}
2026-05-09 14:11:57 [INFO]: ENTER_CHAT by 777 - Details: {"username":"777"}
2026-05-09 14:28:39 [INFO]: LOGIN by 777 - Details: {"username":"777"}
2026-05-09 14:28:39 [INFO]: ENTER_CHAT by 777 - Details: {"username":"777"}
2026-05-09 14:33:26 [INFO]: LOGIN by 6303051613017 - Details: {"username":"6303051613017"}
2026-05-09 14:33:29 [INFO]: VIEW_LOGS by 6303051613017 - Details: {"username":"6303051613017"}
2026-05-09 14:33:58 [INFO]: LOGIN by 6303051613017 - Details: {"username":"6303051613017"}
2026-05-09 14:34:31 [INFO]: LOGIN by 6303051613017 - Details: {"username":"6303051613017"}
2026-05-09 14:35:20 [INFO]: DELETE_EVENT by 6303051613017 - Details: {"eventId":"2b0f98f7-41dd-4bc2-95aa-f490905623b7","eventTitle":"วันส่งเอกสาร"}
2026-05-09 14:35:43 [INFO]: PAPER_UPLOAD by 6303051613017 - Details: {"username":"6303051613017"}
2026-05-09 14:36:39 [INFO]: ADD_EVENT by 6303051613017 - Details: {"username":"6303051613017","eventTitle":"วันส่งเอกสาร"}
2026-05-09 14:40:38 [INFO]: ENTER_CHAT by 6303051613017 - Details: {"username":"6303051613017"}
2026-05-09 14:40:49 [INFO]: ADD_EVENT by 6303051613017 - Details: {"username":"6303051613017","eventTitle":"วันสอบ"}
2026-05-09 14:41:24 [INFO]: ENTER_CHAT by 6303051613017 - Details: {"username":"6303051613017"}
2026-05-09 14:42:21 [INFO]: LOGIN by 6303051611114 - Details: {"username":"6303051611114"}
2026-05-09 14:42:21 [INFO]: ENTER_CHAT by 6303051611114 - Details: {"username":"6303051611114"}
2026-05-09 14:43:06 [INFO]: LOGIN by 6303051613017 - Details: {"username":"6303051613017"}
2026-05-09 14:43:09 [INFO]: VIEW_LOGS by 6303051613017 - Details: {"username":"6303051613017"}
2026-05-09 14:52:35 [INFO]: LOGIN by 6303051613017 - Details: {"username":"6303051613017"}
2026-05-09 14:52:56 [INFO]: DELETE_EVENT by 6303051613017 - Details: {"eventId":"77ce2e2a-ce5d-4bed-bc37-acfb66b3cd83","eventTitle":"วันสอบ"}
2026-05-09 14:53:05 [INFO]: VIEW_LOGS by 6303051613017 - Details: {"username":"6303051613017"}
2026-05-09 15:55:04 [INFO]: ENTER_CHAT by 6303051613017 - Details: {"username":"6303051613017"}
2026-05-09 16:03:58 [INFO]: LOGIN by 6303051613017 - Details: {"username":"6303051613017"}
2026-05-09 16:04:16 [INFO]: ENTER_CHAT by 6303051613017 - Details: {"username":"6303051613017"}
2026-05-09 16:04:32 [INFO]: VIEW_LOGS by 6303051613017 - Details: {"username":"6303051613017"}
2026-05-09 20:16:55 [INFO]: LOGIN by 6303051613017 - Details: {"username":"6303051613017"}
2026-05-09 20:16:57 [INFO]: ENTER_CHAT by 6303051613017 - Details: {"username":"6303051613017"}
