2026-05-05 21:22:15 [INFO]: LOGIN by 6303051611112 - Details: {"username":"6303051611112"}
2026-05-05 21:22:15 [INFO]: ENTER_CHAT by 6303051611112 - Details: {"username":"6303051611112"}
2026-05-05 21:23:26 [INFO]: UPDATE_GROUP by 6303051611112 - Details: {"groupName":"เว็บขายเกมการ์ด","updateBy":"6303051611112"}
2026-05-05 21:23:27 [INFO]: ENTER_CHAT by 6303051611112 - Details: {"username":"6303051611112"}
2026-05-05 21:23:54 [INFO]: LOGIN by 6303051611114 - Details: {"username":"6303051611114"}
2026-05-05 21:23:54 [INFO]: ENTER_CHAT by 6303051611114 - Details: {"username":"6303051611114"}
2026-05-05 21:23:57 [INFO]: ACCEPT_INVITATION by 6303051611114 - Details: {"username":"6303051611114","type":"accept"}
2026-05-05 21:23:58 [INFO]: ENTER_CHAT by 6303051611114 - Details: {"username":"6303051611114"}
2026-05-05 21:24:12 [INFO]: UPDATE_GROUP by 6303051611114 - Details: {"groupName":"เว็บขายเกมการ์ด","updateBy":"6303051611114"}
2026-05-05 21:24:25 [INFO]: ENTER_CHAT by 6303051611114 - Details: {"username":"6303051611114"}
2026-05-05 21:34:20 [INFO]: LOGIN by 6303051611112 - Details: {"username":"6303051611112"}
2026-05-05 21:34:20 [INFO]: ENTER_CHAT by 6303051611112 - Details: {"username":"6303051611112"}
2026-05-05 21:34:36 [INFO]: UPDATE_GROUP by 6303051611112 - Details: {"groupName":"เว็บขายเกมการ์ด","updateBy":"6303051611112"}
2026-05-05 21:34:37 [INFO]: ENTER_CHAT by 6303051611112 - Details: {"username":"6303051611112"}
2026-05-05 21:34:47 [INFO]: LOGIN by 6303051611114 - Details: {"username":"6303051611114"}
2026-05-05 21:34:47 [INFO]: ENTER_CHAT by 6303051611114 - Details: {"username":"6303051611114"}
2026-05-05 21:34:50 [INFO]: ENTER_CHAT by 6303051611114 - Details: {"username":"6303051611114"}
2026-05-05 21:35:39 [INFO]: LOGIN by 6303051611112 - Details: {"username":"6303051611112"}
2026-05-05 21:35:39 [INFO]: ENTER_CHAT by 6303051611112 - Details: {"username":"6303051611112"}
2026-05-05 21:35:46 [INFO]: UPDATE_GROUP by 6303051611112 - Details: {"groupName":"เว็บขายเกมการ์ด","updateBy":"6303051611112"}
2026-05-05 21:35:47 [INFO]: ENTER_CHAT by 6303051611112 - Details: {"username":"6303051611112"}
2026-05-05 21:37:02 [INFO]: LOGIN by 6303051611112 - Details: {"username":"6303051611112"}
2026-05-05 21:37:02 [INFO]: ENTER_CHAT by 6303051611112 - Details: {"username":"6303051611112"}
2026-05-05 21:37:21 [INFO]: UPDATE_GROUP by 6303051611112 - Details: {"groupName":"เว็บขายเกมการ์ด","updateBy":"6303051611112"}
2026-05-05 21:37:23 [INFO]: ENTER_CHAT by 6303051611112 - Details: {"username":"6303051611112"}
2026-05-05 21:45:23 [INFO]: LOGIN by 6303051611112 - Details: {"username":"6303051611112"}
2026-05-05 21:45:23 [INFO]: ENTER_CHAT by 6303051611112 - Details: {"username":"6303051611112"}
2026-05-05 21:45:35 [INFO]: UPDATE_GROUP by 6303051611112 - Details: {"groupName":"เว็บขายเกมการ์ด","updateBy":"6303051611112"}
2026-05-05 21:45:40 [INFO]: UPDATE_GROUP by 6303051611112 - Details: {"groupName":"เว็บขายเกมการ์ด","updateBy":"6303051611112"}
2026-05-05 21:50:32 [INFO]: LOGIN by 6303051611112 - Details: {"username":"6303051611112"}
2026-05-05 21:50:32 [INFO]: ENTER_CHAT by 6303051611112 - Details: {"username":"6303051611112"}
2026-05-05 21:50:40 [INFO]: UPDATE_GROUP by 6303051611112 - Details: {"groupName":"เว็บขายเกมการ์ด","updateBy":"6303051611112"}
2026-05-05 21:50:41 [INFO]: ENTER_CHAT by 6303051611112 - Details: {"username":"6303051611112"}
2026-05-05 21:53:28 [INFO]: LOGIN by 6303051611114 - Details: {"username":"6303051611114"}
2026-05-05 21:53:28 [INFO]: ENTER_CHAT by 6303051611114 - Details: {"username":"6303051611114"}
2026-05-05 22:20:52 [INFO]: LOGIN by 6303051611112 - Details: {"username":"6303051611112"}
2026-05-05 22:20:52 [INFO]: ENTER_CHAT by 6303051611112 - Details: {"username":"6303051611112"}
2026-05-05 22:21:10 [INFO]: UPDATE_GROUP by 6303051611112 - Details: {"groupName":"เว็บขายเกมการ์ด","updateBy":"6303051611112"}
2026-05-05 22:21:11 [INFO]: ENTER_CHAT by 6303051611112 - Details: {"username":"6303051611112"}
2026-05-05 22:21:28 [INFO]: LOGIN by 6303051611114 - Details: {"username":"6303051611114"}
2026-05-05 22:35:44 [INFO]: LOGIN by 6303051611112 - Details: {"username":"6303051611112"}
2026-05-05 22:35:45 [INFO]: ENTER_CHAT by 6303051611112 - Details: {"username":"6303051611112"}
2026-05-05 22:35:55 [INFO]: UPDATE_GROUP by 6303051611112 - Details: {"groupName":"เว็บขายเกมการ์ด","updateBy":"6303051611112"}
2026-05-05 22:35:56 [INFO]: ENTER_CHAT by 6303051611112 - Details: {"username":"6303051611112"}
2026-05-05 22:36:07 [INFO]: LOGIN by 6303051611114 - Details: {"username":"6303051611114"}
2026-05-05 22:36:09 [INFO]: ACCEPT_INVITATION by 6303051611114 - Details: {"username":"6303051611114","type":"accept"}
2026-05-05 22:36:10 [INFO]: ENTER_CHAT by 6303051611114 - Details: {"username":"6303051611114"}
2026-05-05 22:40:25 [INFO]: LOGIN by 6303051611114 - Details: {"username":"6303051611114"}
2026-05-05 22:40:25 [INFO]: ENTER_CHAT by 6303051611114 - Details: {"username":"6303051611114"}
2026-05-05 22:42:19 [INFO]: LOGIN by 6303051611114 - Details: {"username":"6303051611114"}
2026-05-05 22:42:19 [INFO]: ENTER_CHAT by 6303051611114 - Details: {"username":"6303051611114"}
2026-05-05 22:43:57 [INFO]: LOGIN by 6303051611114 - Details: {"username":"6303051611114"}
2026-05-05 22:43:57 [INFO]: ENTER_CHAT by 6303051611114 - Details: {"username":"6303051611114"}
2026-05-05 22:47:22 [INFO]: LOGIN by 6303051611114 - Details: {"username":"6303051611114"}
2026-05-05 22:47:22 [INFO]: ENTER_CHAT by 6303051611114 - Details: {"username":"6303051611114"}
2026-05-05 22:47:28 [INFO]: UPDATE_GROUP by 6303051611114 - Details: {"groupName":"เว็บขายเกมการ์ด","updateBy":"6303051611114"}
2026-05-05 22:47:29 [INFO]: ENTER_CHAT by 6303051611114 - Details: {"username":"6303051611114"}
2026-05-05 22:48:35 [INFO]: DENY_INVITATION by 6303051611114 - Details: {"username":"6303051611114","type":"deny"}
2026-05-05 22:48:36 [INFO]: ENTER_CHAT by 6303051611114 - Details: {"username":"6303051611114"}
2026-05-05 22:50:02 [INFO]: LOGIN by 66666 - Details: {"username":"66666"}
2026-05-05 22:50:02 [INFO]: ENTER_CHAT by 66666 - Details: {"username":"66666"}
2026-05-05 22:50:24 [INFO]: LOGIN by 6303051611114 - Details: {"username":"6303051611114"}
2026-05-05 22:50:24 [INFO]: ENTER_CHAT by 6303051611114 - Details: {"username":"6303051611114"}
2026-05-05 23:06:22 [INFO]: LOGIN by 6303051611114 - Details: {"username":"6303051611114"}
2026-05-05 23:06:22 [INFO]: ENTER_CHAT by 6303051611114 - Details: {"username":"6303051611114"}
2026-05-05 23:06:30 [INFO]: UPDATE_GROUP by 6303051611114 - Details: {"groupName":"เว็บขายเกมการ์ด","updateBy":"6303051611114"}
2026-05-05 23:06:31 [INFO]: ENTER_CHAT by 6303051611114 - Details: {"username":"6303051611114"}
2026-05-05 23:07:17 [INFO]: LOGIN by 66666 - Details: {"username":"66666"}
2026-05-05 23:07:17 [INFO]: ENTER_CHAT by 66666 - Details: {"username":"66666"}
2026-05-05 23:23:42 [INFO]: LOGIN by 6303051611112 - Details: {"username":"6303051611112"}
2026-05-05 23:23:42 [INFO]: ENTER_CHAT by 6303051611112 - Details: {"username":"6303051611112"}
2026-05-05 23:24:01 [INFO]: LOGIN by 66666 - Details: {"username":"66666"}
2026-05-05 23:24:01 [INFO]: ENTER_CHAT by 66666 - Details: {"username":"66666"}
2026-05-05 23:24:07 [INFO]: DENY_INVITATION by 66666 - Details: {"username":"66666","type":"deny"}
2026-05-05 23:24:08 [INFO]: ENTER_CHAT by 66666 - Details: {"username":"66666"}
2026-05-05 23:24:21 [INFO]: LOGIN by 6303051611112 - Details: {"username":"6303051611112"}
2026-05-05 23:24:21 [INFO]: ENTER_CHAT by 6303051611112 - Details: {"username":"6303051611112"}
2026-05-05 23:24:34 [INFO]: LOGIN by 6303051611114 - Details: {"username":"6303051611114"}
2026-05-05 23:24:34 [INFO]: ENTER_CHAT by 6303051611114 - Details: {"username":"6303051611114"}
2026-05-05 23:24:43 [INFO]: UPDATE_GROUP by 6303051611114 - Details: {"groupName":"เว็บขายเกมการ์ดไทย","updateBy":"6303051611114"}
2026-05-05 23:24:44 [INFO]: ENTER_CHAT by 6303051611114 - Details: {"username":"6303051611114"}
2026-05-05 23:24:55 [INFO]: UPDATE_GROUP by 6303051611114 - Details: {"groupName":"เว็บขายเกมการ์ดไทย","updateBy":"6303051611114"}
2026-05-05 23:24:56 [INFO]: ENTER_CHAT by 6303051611114 - Details: {"username":"6303051611114"}
2026-05-05 23:25:02 [INFO]: DENY_INVITATION by 6303051611114 - Details: {"username":"6303051611114","type":"deny"}
2026-05-05 23:25:03 [INFO]: ENTER_CHAT by 6303051611114 - Details: {"username":"6303051611114"}
2026-05-05 23:25:14 [INFO]: LOGIN by 66666 - Details: {"username":"66666"}
2026-05-05 23:25:14 [INFO]: ENTER_CHAT by 66666 - Details: {"username":"66666"}
2026-05-05 23:25:18 [INFO]: ACCEPT_INVITATION by 66666 - Details: {"username":"66666","type":"accept"}
2026-05-05 23:25:19 [INFO]: ENTER_CHAT by 66666 - Details: {"username":"66666"}
2026-05-05 23:25:32 [INFO]: LOGIN by 6303051611114 - Details: {"username":"6303051611114"}
2026-05-05 23:25:32 [INFO]: ENTER_CHAT by 6303051611114 - Details: {"username":"6303051611114"}
2026-05-05 23:25:52 [INFO]: PAPER_UPLOAD by 6303051611114 - Details: {"username":"6303051611114"}
2026-05-05 23:26:01 [INFO]: LOGIN by 66666 - Details: {"username":"66666"}
2026-05-05 23:26:01 [INFO]: ENTER_CHAT by 66666 - Details: {"username":"66666"}
2026-05-05 23:27:09 [INFO]: LOGIN by 6303051613173 - Details: {"username":"6303051613173"}
2026-05-05 23:27:44 [INFO]: ADD_EVENT by 6303051613173 - Details: {"username":"6303051613173","eventTitle":"วันส่งเอกสาร"}
2026-05-05 23:30:23 [INFO]: LOGIN by 6303051611118 - Details: {"username":"6303051611118"}
2026-05-05 23:30:23 [INFO]: ENTER_CHAT by 6303051611118 - Details: {"username":"6303051611118"}
2026-05-05 23:30:35 [INFO]: PAPER_UPLOAD by 6303051611118 - Details: {"username":"6303051611118"}
2026-05-05 23:30:43 [INFO]: LOGIN by 66666 - Details: {"username":"66666"}
2026-05-05 23:30:43 [INFO]: ENTER_CHAT by 66666 - Details: {"username":"66666"}
2026-05-05 23:30:55 [INFO]: ENTER_CHAT by 66666 - Details: {"username":"66666"}
2026-05-05 23:36:15 [INFO]: LOGIN by 6303051613173 - Details: {"username":"6303051613173"}
2026-05-05 23:37:47 [INFO]: ADD_EVENT by 6303051613173 - Details: {"username":"6303051613173","eventTitle":"วันสอบ"}
2026-05-05 23:38:41 [INFO]: VIEW_LOGS by 6303051613173 - Details: {"username":"6303051613173"}
2026-05-05 23:38:43 [INFO]: ENTER_CHAT by 6303051613173 - Details: {"username":"6303051613173"}
2026-05-05 23:39:46 [INFO]: LOGIN by 6303051611114 - Details: {"username":"6303051611114"}
2026-05-05 23:39:46 [INFO]: ENTER_CHAT by 6303051611114 - Details: {"username":"6303051611114"}
